// Jest Snapshot v1, https://goo.gl/fbAQLP

exports[`Contact view should match snapshot 1`] = `
<section
  className="flex flex-col lg:flex-row lg:items-start justify-around items-center py-10"
>
  <article
    className="text-center flex flex-col items-center my-4"
  >
    <section
      className="bg-blue-400 rounded-xl p-4 w-20"
    >
      <svg
        aria-hidden="true"
        color="white"
        data-testid="contact_item_icon"
        fill="currentColor"
        height="3rem"
        stroke="currentColor"
        strokeWidth="0"
        style={
          {
            "color": "white",
          }
        }
        viewBox="0 0 24 24"
        width="3rem"
        xmlns="http://www.w3.org/2000/svg"
      >
        <path
          clipRule="evenodd"
          d="M4.5 2.25a.75.75 0 000 1.5v16.5h-.75a.75.75 0 000 1.5h16.5a.75.75 0 000-1.5h-.75V3.75a.75.75 0 000-1.5h-15zM9 6a.75.75 0 000 1.5h1.5a.75.75 0 000-1.5H9zm-.75 3.75A.75.75 0 019 9h1.5a.75.75 0 010 1.5H9a.75.75 0 01-.75-.75zM9 12a.75.75 0 000 1.5h1.5a.75.75 0 000-1.5H9zm3.75-5.25A.75.75 0 0113.5 6H15a.75.75 0 010 1.5h-1.5a.75.75 0 01-.75-.75zM13.5 9a.75.75 0 000 1.5H15A.75.75 0 0015 9h-1.5zm-.75 3.75a.75.75 0 01.75-.75H15a.75.75 0 010 1.5h-1.5a.75.75 0 01-.75-.75zM9 19.5v-2.25a.75.75 0 01.75-.75h4.5a.75.75 0 01.75.75v2.25a.75.75 0 01-.75.75h-4.5A.75.75 0 019 19.5z"
          fillRule="evenodd"
        />
      </svg>
    </section>
    <h3
      className="text-2xl font-bold my-3"
    >
      Informacje o firmie
    </h3>
    <p>
      JohnDoeCompany
    </p>
    <p>
      NIP: 
      123123123
    </p>
  </article>
  <article
    className="text-center flex flex-col items-center my-4"
  >
    <section
      className="bg-blue-400 rounded-xl p-4 w-20"
    >
      <svg
        aria-hidden="true"
        color="white"
        data-testid="contact_item_icon"
        fill="currentColor"
        height="3rem"
        stroke="currentColor"
        strokeWidth="0"
        style={
          {
            "color": "white",
          }
        }
        viewBox="0 0 24 24"
        width="3rem"
        xmlns="http://www.w3.org/2000/svg"
      >
        <path
          clipRule="evenodd"
          d="M11.54 22.351l.07.04.028.016a.76.76 0 00.723 0l.028-.015.071-.041a16.975 16.975 0 001.144-.742 19.58 19.58 0 002.683-2.282c1.944-1.99 3.963-4.98 3.963-8.827a8.25 8.25 0 00-16.5 0c0 3.846 2.02 6.837 3.963 8.827a19.58 19.58 0 002.682 2.282 16.975 16.975 0 001.145.742zM12 13.5a3 3 0 100-6 3 3 0 000 6z"
          fillRule="evenodd"
        />
      </svg>
    </section>
    <h3
      className="text-2xl font-bold my-3"
    >
      Odbi√≥r osobisty
    </h3>
    <p>
      main street 54
    </p>
    <p>
      11-000 Cracow
    </p>
  </article>
  <article
    className="text-center flex flex-col items-center my-4"
  >
    <section
      className="bg-blue-400 rounded-xl p-4 w-20"
    >
      <svg
        aria-hidden="true"
        color="white"
        data-testid="contact_item_icon"
        fill="currentColor"
        height="3rem"
        stroke="currentColor"
        strokeWidth="0"
        style={
          {
            "color": "white",
          }
        }
        viewBox="0 0 24 24"
        width="3rem"
        xmlns="http://www.w3.org/2000/svg"
      >
        <path
          d="M1.5 8.67v8.58a3 3 0 003 3h15a3 3 0 003-3V8.67l-8.928 5.493a3 3 0 01-3.144 0L1.5 8.67z"
        />
        <path
          d="M22.5 6.908V6.75a3 3 0 00-3-3h-15a3 3 0 00-3 3v.158l9.714 5.978a1.5 1.5 0 001.572 0L22.5 6.908z"
        />
      </svg>
    </section>
    <h3
      className="text-2xl font-bold my-3"
    >
      Email
    </h3>
    <p>
      mail@johndoe.com
    </p>
  </article>
  <article
    className="text-center flex flex-col items-center my-4"
  >
    <section
      className="bg-blue-400 rounded-xl p-4 w-20"
    >
      <svg
        aria-hidden="true"
        color="white"
        data-testid="contact_item_icon"
        fill="currentColor"
        height="3rem"
        stroke="currentColor"
        strokeWidth="0"
        style={
          {
            "color": "white",
          }
        }
        viewBox="0 0 24 24"
        width="3rem"
        xmlns="http://www.w3.org/2000/svg"
      >
        <path
          clipRule="evenodd"
          d="M1.5 4.5a3 3 0 013-3h1.372c.86 0 1.61.586 1.819 1.42l1.105 4.423a1.875 1.875 0 01-.694 1.955l-1.293.97c-.135.101-.164.249-.126.352a11.285 11.285 0 006.697 6.697c.103.038.25.009.352-.126l.97-1.293a1.875 1.875 0 011.955-.694l4.423 1.105c.834.209 1.42.959 1.42 1.82V19.5a3 3 0 01-3 3h-2.25C8.552 22.5 1.5 15.448 1.5 6.75V4.5z"
          fillRule="evenodd"
        />
      </svg>
    </section>
    <h3
      className="text-2xl font-bold my-3"
    >
      Telefon
    </h3>
    <p>
      +48 111 000 222
    </p>
  </article>
</section>
`;
